// Jest Snapshot v1, https://goo.gl/fbAQLP

exports[`Element exceptions WrongElementTypeException Should be well formatted 1`] = `"This is a test"`;
