// Jest Snapshot v1, https://goo.gl/fbAQLP

exports[`GeoJSON exceptions RequestException Should be well formatted 1`] = `"This is a test"`;
